name gender age
Mark male 24
adam male 22
june male 22
